// Vitest Snapshot v1, https://vitest.dev/guide/snapshot.html

exports[`NavigationButton > renders correctly 1`] = `
<div>
  <button
    aria-label="Label"
    type="button"
  >
    Label
  </button>
</div>
`;
