// Vitest Snapshot v1, https://vitest.dev/guide/snapshot.html

exports[`Container > renders correctly 1`] = `
<div>
  <div
    class="styles_wrapper__utfcpz0"
  >
    <div>
      Container
    </div>
  </div>
</div>
`;
